// Vitest Snapshot v1, https://vitest.dev/guide/snapshot.html

exports[`scene compiler goldens > compiles basics.prism to stable IR 1`] = `
{
  "controls": [
    {
      "as": "slider",
      "bind": "t",
      "label": "move the point",
      "max": 3,
      "min": -3,
    },
    {
      "as": "toggle",
      "bind": "showTangent",
      "label": "tangent",
    },
  ],
  "objects": [
    {
      "color": "primary",
      "expr": {
        "k": "bin",
        "l": {
          "k": "id",
          "name": "x",
        },
        "op": "^",
        "r": {
          "k": "num",
          "v": 2,
        },
      },
      "id": "f",
      "strokeWidth": 3,
      "type": "curve",
    },
    {
      "color": "accent",
      "draggable": {
        "axis": "x",
        "bind": "t",
      },
      "id": "p",
      "label": {
        "parts": [
          "(",
          {
            "k": "id",
            "name": "t",
          },
          ", ",
          {
            "k": "bin",
            "l": {
              "k": "id",
              "name": "t",
            },
            "op": "^",
            "r": {
              "k": "num",
              "v": 2,
            },
          },
          ")",
        ],
      },
      "r": 6,
      "type": "point",
      "x": {
        "k": "id",
        "name": "t",
      },
      "y": {
        "k": "bin",
        "l": {
          "k": "id",
          "name": "t",
        },
        "op": "^",
        "r": {
          "k": "num",
          "v": 2,
        },
      },
    },
    {
      "color": "danger",
      "draggable": {
        "axis": "xy",
        "bind": "t",
        "bindY": "k",
      },
      "id": "v",
      "type": "point",
      "x": {
        "k": "id",
        "name": "t",
      },
      "y": {
        "k": "id",
        "name": "k",
      },
    },
    {
      "color": "neutral",
      "id": "seg",
      "style": "dashed",
      "type": "line",
      "x1": -2,
      "x2": 2,
      "y1": 0,
      "y2": 4,
    },
    {
      "id": "tangent",
      "slope": {
        "k": "bin",
        "l": {
          "k": "num",
          "v": 2,
        },
        "op": "*",
        "r": {
          "k": "id",
          "name": "t",
        },
      },
      "through": "p",
      "type": "line",
      "visibleIf": {
        "k": "id",
        "name": "showTangent",
      },
    },
    {
      "id": "__lbl_0",
      "text": {
        "parts": [
          "slope = ",
          {
            "k": "bin",
            "l": {
              "k": "num",
              "v": 2,
            },
            "op": "*",
            "r": {
              "k": "id",
              "name": "t",
            },
          },
        ],
      },
      "type": "label",
      "x": 0,
      "y": 4.5,
    },
    {
      "id": "eq",
      "tex": true,
      "text": "x^2",
      "type": "label",
      "x": -4,
      "y": 4,
    },
  ],
  "space": {
    "axes": true,
    "grid": true,
    "type": "plane",
    "xDomain": [
      -5,
      5,
    ],
    "yDomain": [
      -5,
      5,
    ],
  },
  "state": {
    "k": {
      "init": 0,
      "max": 5,
      "min": -5,
      "type": "number",
    },
    "showTangent": {
      "init": true,
      "type": "boolean",
    },
    "t": {
      "init": 1,
      "max": 3,
      "min": -3,
      "step": 0.1,
      "type": "number",
    },
  },
  "version": 2,
}
`;

exports[`scene compiler goldens > compiles logic.prism to stable IR 1`] = `
{
  "objects": [
    {
      "color": "neutral",
      "id": "t1",
      "type": "line",
      "x1": 1,
      "x2": 1,
      "y1": 0,
      "y2": 0.2,
    },
    {
      "color": "neutral",
      "id": "t2",
      "type": "line",
      "x1": 2,
      "x2": 2,
      "y1": 0,
      "y2": 0.4,
    },
    {
      "color": "neutral",
      "h": 4,
      "id": "neg-4",
      "type": "rect",
      "w": 0.45,
      "x": -4,
      "y": -4,
    },
    {
      "color": "neutral",
      "h": 3,
      "id": "neg-3",
      "type": "rect",
      "w": 0.45,
      "x": -3,
      "y": -3,
    },
    {
      "color": "neutral",
      "h": 2,
      "id": "neg-2",
      "type": "rect",
      "w": 0.45,
      "x": -2,
      "y": -2,
    },
    {
      "color": "neutral",
      "h": 1,
      "id": "neg-1",
      "type": "rect",
      "w": 0.45,
      "x": -1,
      "y": -1,
    },
    {
      "color": "primary",
      "h": 0,
      "id": "pos0",
      "type": "rect",
      "w": 0.45,
      "x": 0,
      "y": 0,
    },
    {
      "color": "primary",
      "h": 1,
      "id": "pos1",
      "type": "rect",
      "w": 0.45,
      "x": 1,
      "y": 0,
    },
    {
      "color": "primary",
      "h": 2,
      "id": "pos2",
      "type": "rect",
      "w": 0.45,
      "x": 2,
      "y": 0,
    },
    {
      "color": "primary",
      "h": 3,
      "id": "pos3",
      "type": "rect",
      "w": 0.45,
      "x": 3,
      "y": 0,
    },
    {
      "color": "primary",
      "h": 4,
      "id": "pos4",
      "type": "rect",
      "w": 0.45,
      "x": 4,
      "y": 0,
    },
  ],
  "space": {
    "type": "plane",
    "xDomain": [
      -5,
      5,
    ],
    "yDomain": [
      -5,
      5,
    ],
  },
  "state": {},
  "version": 2,
}
`;

exports[`scene compiler goldens > compiles shapes.prism to stable IR 1`] = `
{
  "controls": [
    {
      "as": "stepper",
      "bind": "t",
      "label": "angle",
      "step": 5,
    },
    {
      "as": "button",
      "label": "reset",
      "set": {
        "t": 0,
      },
    },
    {
      "animate": {
        "t": 360,
      },
      "as": "button",
      "duration": 2000,
      "ease": "easeInOut",
      "label": "spin",
    },
  ],
  "objects": [
    {
      "color": "primary",
      "id": "unit",
      "r": 1,
      "type": "circle",
      "x": 0,
      "y": 0,
    },
    {
      "color": "accent",
      "id": "tri",
      "opacity": 0.3,
      "points": [
        [
          0,
          0,
        ],
        [
          2,
          0,
        ],
        [
          1,
          1.7320508075688772,
        ],
      ],
      "type": "polygon",
    },
    {
      "color": "accent",
      "id": "v",
      "type": "vector",
      "x1": 0,
      "x2": {
        "args": [
          {
            "k": "bin",
            "l": {
              "k": "bin",
              "l": {
                "k": "id",
                "name": "t",
              },
              "op": "*",
              "r": {
                "k": "num",
                "v": 3.141592653589793,
              },
            },
            "op": "/",
            "r": {
              "k": "num",
              "v": 180,
            },
          },
        ],
        "fn": "cos",
        "k": "call",
      },
      "y1": 0,
      "y2": {
        "args": [
          {
            "k": "bin",
            "l": {
              "k": "bin",
              "l": {
                "k": "id",
                "name": "t",
              },
              "op": "*",
              "r": {
                "k": "num",
                "v": 3.141592653589793,
              },
            },
            "op": "/",
            "r": {
              "k": "num",
              "v": 180,
            },
          },
        ],
        "fn": "sin",
        "k": "call",
      },
    },
    {
      "end": {
        "k": "id",
        "name": "t",
      },
      "id": "angle",
      "r": 0.5,
      "start": 0,
      "type": "arc",
      "x": 0,
      "y": 0,
    },
    {
      "color": "primary",
      "h": 1.5,
      "id": "bar",
      "opacity": 0.4,
      "type": "rect",
      "w": 0.5,
      "x": 1,
      "y": -2,
    },
    {
      "alt": "a small placeholder square",
      "h": 1,
      "id": "logo",
      "src": "data:image/png;base64,iVBORw0KGgoAAAANSUhEUgAAAAEAAAABCAQAAAC1HAwCAAAAC0lEQVR42mNk+A8AAQUBAScY42YAAAAASUVORK5CYII=",
      "type": "image",
      "w": 1,
      "x": -2.5,
      "y": 1.5,
    },
  ],
  "space": {
    "type": "plane",
    "xDomain": [
      -3,
      3,
    ],
    "yDomain": [
      -3,
      3,
    ],
  },
  "state": {
    "t": {
      "init": 45,
      "max": 360,
      "min": 0,
      "step": 5,
      "type": "number",
    },
  },
  "version": 2,
}
`;

exports[`scene compiler goldens > compiles timeline.prism to stable IR 1`] = `
{
  "controls": [
    {
      "as": "slider",
      "bind": "a",
      "label": "a",
    },
  ],
  "objects": [
    {
      "color": "primary",
      "expr": {
        "k": "bin",
        "l": {
          "k": "id",
          "name": "a",
        },
        "op": "*",
        "r": {
          "k": "bin",
          "l": {
            "k": "id",
            "name": "x",
          },
          "op": "^",
          "r": {
            "k": "num",
            "v": 2,
          },
        },
      },
      "id": "f",
      "strokeWidth": 3,
      "type": "curve",
    },
  ],
  "space": {
    "axes": true,
    "grid": true,
    "type": "plane",
    "xDomain": [
      -4,
      4,
    ],
    "yDomain": [
      -1,
      9,
    ],
  },
  "state": {
    "a": {
      "init": 1,
      "max": 3,
      "min": -3,
      "step": 0.1,
      "type": "number",
    },
  },
  "timeline": [
    {
      "narrate": "start with a = 1, the basic parabola",
      "set": {
        "a": 1,
      },
    },
    {
      "animate": {
        "a": 3,
      },
      "duration": 1000,
      "ease": "easeInOut",
      "narrate": "a = 3 makes it tall and narrow",
    },
    {
      "animate": {
        "a": -1,
      },
      "duration": 1200,
      "ease": "easeInOut",
      "narrate": "negative a flips it",
    },
  ],
  "version": 2,
}
`;

exports[`unified Prism lesson grammar (v2) > compiles lesson.prism to a stable Lesson IR 1`] = `
{
  "course": "algebra",
  "skills": [
    "quad-vertex",
    "quad-roots",
  ],
  "slides": [
    {
      "category": "Basics",
      "goals": [
        {
          "hint": "The vertex is at the origin.",
          "prompt": "Put the point at the bottom",
          "when": {
            "k": "bin",
            "l": {
              "k": "id",
              "name": "t",
            },
            "op": "==",
            "r": {
              "k": "num",
              "v": 0,
            },
          },
        },
      ],
      "id": "what-is-a-parabola",
      "prose": "A **parabola** is the graph of $y = x^2$ — a U-shaped curve.
Drag the point and watch it ride the curve.",
      "scene": {
        "controls": [
          {
            "as": "slider",
            "bind": "t",
            "label": "move the point",
          },
        ],
        "objects": [
          {
            "color": "primary",
            "expr": {
              "k": "bin",
              "l": {
                "k": "id",
                "name": "x",
              },
              "op": "^",
              "r": {
                "k": "num",
                "v": 2,
              },
            },
            "id": "f",
            "strokeWidth": 3,
            "type": "curve",
          },
          {
            "color": "accent",
            "draggable": {
              "axis": "x",
              "bind": "t",
            },
            "id": "p",
            "label": {
              "parts": [
                "(",
                {
                  "k": "id",
                  "name": "t",
                },
                ", ",
                {
                  "k": "bin",
                  "l": {
                    "k": "id",
                    "name": "t",
                  },
                  "op": "^",
                  "r": {
                    "k": "num",
                    "v": 2,
                  },
                },
                ")",
              ],
            },
            "type": "point",
            "x": {
              "k": "id",
              "name": "t",
            },
            "y": {
              "k": "bin",
              "l": {
                "k": "id",
                "name": "t",
              },
              "op": "^",
              "r": {
                "k": "num",
                "v": 2,
              },
            },
          },
        ],
        "space": {
          "axes": true,
          "grid": true,
          "type": "plane",
          "xDomain": [
            -4,
            4,
          ],
          "yDomain": [
            -1,
            9,
          ],
        },
        "state": {
          "t": {
            "init": 1,
            "max": 3,
            "min": -3,
            "step": 0.1,
            "type": "number",
          },
        },
        "version": 2,
      },
      "title": "What is a parabola?",
    },
    {
      "category": "Basics",
      "exercise": {
        "correct": 1,
        "explanation": "A negative a flips the U so it opens downward.",
        "hints": [
          "Picture y = -x².",
          "The arms point down.",
        ],
        "kind": "quiz",
        "options": [
          {
            "text": "opens upward",
            "why": "Check the sign — a negative leading term flips it.",
          },
          {
            "text": "opens downward",
          },
          {
            "text": "becomes a line",
            "why": "It still has an x² term, so it stays curved.",
          },
        ],
        "prompt": "If $a < 0$ in $y = ax^2$, the parabola...",
      },
      "id": "which-way-does-it-open",
      "title": "Which way does it open?",
    },
    {
      "category": "Forms",
      "exercise": {
        "answers": [
          [
            "a",
            "(",
            "x",
            "-",
            "h",
            ")",
            "^2",
            "+",
            "k",
          ],
        ],
        "bank": [
          {
            "id": "a",
            "kind": "operand",
            "label": "a",
          },
          {
            "id": "(",
            "kind": "operator",
            "label": "(",
          },
          {
            "id": "x",
            "kind": "operand",
            "label": "x",
          },
          {
            "id": "-",
            "kind": "operator",
            "label": "-",
          },
          {
            "id": "h",
            "kind": "operand",
            "label": "h",
          },
          {
            "id": ")",
            "kind": "operator",
            "label": ")",
          },
          {
            "id": "^2",
            "kind": "operator",
            "label": "^2",
          },
          {
            "id": "+",
            "kind": "operator",
            "label": "+",
          },
          {
            "id": "k",
            "kind": "operand",
            "label": "k",
          },
        ],
        "explanation": "y = a(x − h)² + k puts the vertex at (h, k).",
        "hints": [],
        "kind": "build",
        "prompt": "Arrange the vertex form.",
        "slots": 9,
      },
      "id": "build-the-vertex-form",
      "prose": "Assemble the vertex form of a parabola.",
      "title": "Build the vertex form",
    },
  ],
  "title": "Intro to Parabolas",
  "version": 2,
}
`;
